tests/texts/text2.txt:elit non euismoda erat
tests/texts/text2.txt:Erosa erat nam porta rutrum
tests/texts/text4.txt:Chtenff a erat r'luh ngnw Azathothnth
tests/texts/text3.txt:Amatomaa erat nam borrar el cer
tests/texts/text1.txt:Non consectetur a erat nam at lectus urna.
