Sit amet risus nullam eget felis eget nunc lobortis.
