consectetur adipiscing elit sed,
Quis auctor elit sed vulputate mi sit amet.
