Lorem ipsum DoloR sit amet, 
Lectus ipsum dOLor purus non. 
