Lorem ipsum DoloR sit amet,
No sed do eiusmod tempor
Arcu vitae sed.
Ultrices vitae auctor eu augue ut lectus arcu.
Quis auctor elit sed vulputate mi sit amet.
aasfdasdfasdfsdaF
