Lorem ipsum DoloR sit amet,
Arcu vitae sed.
Ultrices vitae auctor eu augue ut lectus arcu.
Quis auctor elit sed vulputate mi sit amet.
aasfdasdfasdfsdaF
