Non consectetur a erat nam at lectus urna.
elit non euismoda erat
Erosa erat nam porta rutrum
Amatomaa erat nam borrar el cer
Chtenff a erat r'luh ngnw Azathothnth
