No sed do eiusmod tempor
Lectus ipsum dOLor purus non.
Lorem ipsum dolor
h'Yoggoth nufm'lutgh gof'
